#-----------------------------------------------------------
# Vivado v2023.2 (64-bit)
# SW Build 4029153 on Fri Oct 13 20:13:54 MDT 2023
# IP Build 4028589 on Sat Oct 14 00:45:43 MDT 2023
# SharedData Build 4025554 on Tue Oct 10 17:18:54 MDT 2023
# Start of session at: Sun May 10 23:21:31 2026
# Process ID: 2460249
# Current directory: /home/yc7330/Custom-Vitis-IP-for-Tiled-GEMM/vivado/gemm_ip_packaging/gemm_ip_packaging.runs/synth_1
# Command line: vivado -log gemm_top.vds -product Vivado -mode batch -messageDb vivado.pb -notrace -source gemm_top.tcl
# Log file: /home/yc7330/Custom-Vitis-IP-for-Tiled-GEMM/vivado/gemm_ip_packaging/gemm_ip_packaging.runs/synth_1/gemm_top.vds
# Journal file: /home/yc7330/Custom-Vitis-IP-for-Tiled-GEMM/vivado/gemm_ip_packaging/gemm_ip_packaging.runs/synth_1/vivado.jou
# Running On: ecs02.poly.edu, OS: Linux, CPU Frequency: 2200.000 MHz, CPU Physical cores: 32, Host memory: 1064159 MB
#-----------------------------------------------------------
source gemm_top.tcl -notrace
